Archive member included to satisfy reference by file (symbol)

c:/st/stm32cubeide_1.6.1/stm32cubeide/plugins/com.st.stm32cube.ide.mcu.externaltools.gnu-tools-for-stm32.9-2020-q2-update.win32_2.0.0.202105311346/tools/bin/../lib/gcc/arm-none-eabi/9.3.1/../../../../arm-none-eabi/lib/thumb/v7e-m+dp/hard\libc_nano.a(lib_a-errno.o)
                              ./Core/Src/syscalls.o (__errno)
c:/st/stm32cubeide_1.6.1/stm32cubeide/plugins/com.st.stm32cube.ide.mcu.externaltools.gnu-tools-for-stm32.9-2020-q2-update.win32_2.0.0.202105311346/tools/bin/../lib/gcc/arm-none-eabi/9.3.1/../../../../arm-none-eabi/lib/thumb/v7e-m+dp/hard\libc_nano.a(lib_a-exit.o)
                              c:/st/stm32cubeide_1.6.1/stm32cubeide/plugins/com.st.stm32cube.ide.mcu.externaltools.gnu-tools-for-stm32.9-2020-q2-update.win32_2.0.0.202105311346/tools/bin/../lib/gcc/arm-none-eabi/9.3.1/../../../../arm-none-eabi/lib/thumb/v7e-m+dp/hard/crt0.o (exit)
c:/st/stm32cubeide_1.6.1/stm32cubeide/plugins/com.st.stm32cube.ide.mcu.externaltools.gnu-tools-for-stm32.9-2020-q2-update.win32_2.0.0.202105311346/tools/bin/../lib/gcc/arm-none-eabi/9.3.1/../../../../arm-none-eabi/lib/thumb/v7e-m+dp/hard\libc_nano.a(lib_a-impure.o)
                              c:/st/stm32cubeide_1.6.1/stm32cubeide/plugins/com.st.stm32cube.ide.mcu.externaltools.gnu-tools-for-stm32.9-2020-q2-update.win32_2.0.0.202105311346/tools/bin/../lib/gcc/arm-none-eabi/9.3.1/../../../../arm-none-eabi/lib/thumb/v7e-m+dp/hard\libc_nano.a(lib_a-exit.o) (_global_impure_ptr)
c:/st/stm32cubeide_1.6.1/stm32cubeide/plugins/com.st.stm32cube.ide.mcu.externaltools.gnu-tools-for-stm32.9-2020-q2-update.win32_2.0.0.202105311346/tools/bin/../lib/gcc/arm-none-eabi/9.3.1/../../../../arm-none-eabi/lib/thumb/v7e-m+dp/hard\libc_nano.a(lib_a-init.o)
                              c:/st/stm32cubeide_1.6.1/stm32cubeide/plugins/com.st.stm32cube.ide.mcu.externaltools.gnu-tools-for-stm32.9-2020-q2-update.win32_2.0.0.202105311346/tools/bin/../lib/gcc/arm-none-eabi/9.3.1/../../../../arm-none-eabi/lib/thumb/v7e-m+dp/hard/crt0.o (__libc_init_array)
c:/st/stm32cubeide_1.6.1/stm32cubeide/plugins/com.st.stm32cube.ide.mcu.externaltools.gnu-tools-for-stm32.9-2020-q2-update.win32_2.0.0.202105311346/tools/bin/../lib/gcc/arm-none-eabi/9.3.1/../../../../arm-none-eabi/lib/thumb/v7e-m+dp/hard\libc_nano.a(lib_a-memset.o)
                              c:/st/stm32cubeide_1.6.1/stm32cubeide/plugins/com.st.stm32cube.ide.mcu.externaltools.gnu-tools-for-stm32.9-2020-q2-update.win32_2.0.0.202105311346/tools/bin/../lib/gcc/arm-none-eabi/9.3.1/../../../../arm-none-eabi/lib/thumb/v7e-m+dp/hard/crt0.o (memset)
c:/st/stm32cubeide_1.6.1/stm32cubeide/plugins/com.st.stm32cube.ide.mcu.externaltools.gnu-tools-for-stm32.9-2020-q2-update.win32_2.0.0.202105311346/tools/bin/../lib/gcc/arm-none-eabi/9.3.1/thumb/v7e-m+dp/hard\libgcc.a(_aeabi_uldivmod.o)
                              ./Drivers/STM32H7xx_HAL_Driver/Src/stm32h7xx_hal_uart.o (__aeabi_uldivmod)
c:/st/stm32cubeide_1.6.1/stm32cubeide/plugins/com.st.stm32cube.ide.mcu.externaltools.gnu-tools-for-stm32.9-2020-q2-update.win32_2.0.0.202105311346/tools/bin/../lib/gcc/arm-none-eabi/9.3.1/thumb/v7e-m+dp/hard\libgcc.a(_udivmoddi4.o)
                              c:/st/stm32cubeide_1.6.1/stm32cubeide/plugins/com.st.stm32cube.ide.mcu.externaltools.gnu-tools-for-stm32.9-2020-q2-update.win32_2.0.0.202105311346/tools/bin/../lib/gcc/arm-none-eabi/9.3.1/thumb/v7e-m+dp/hard\libgcc.a(_aeabi_uldivmod.o) (__udivmoddi4)
c:/st/stm32cubeide_1.6.1/stm32cubeide/plugins/com.st.stm32cube.ide.mcu.externaltools.gnu-tools-for-stm32.9-2020-q2-update.win32_2.0.0.202105311346/tools/bin/../lib/gcc/arm-none-eabi/9.3.1/thumb/v7e-m+dp/hard\libgcc.a(_dvmd_tls.o)
                              c:/st/stm32cubeide_1.6.1/stm32cubeide/plugins/com.st.stm32cube.ide.mcu.externaltools.gnu-tools-for-stm32.9-2020-q2-update.win32_2.0.0.202105311346/tools/bin/../lib/gcc/arm-none-eabi/9.3.1/thumb/v7e-m+dp/hard\libgcc.a(_aeabi_uldivmod.o) (__aeabi_ldiv0)

Allocating common symbols
Common symbol       size              file

hspi2               0x88              ./Core/Src/main.o
uwTick              0x4               ./Drivers/STM32H7xx_HAL_Driver/Src/stm32h7xx_hal.o
pFlash              0x1c              ./Drivers/STM32H7xx_HAL_Driver/Src/stm32h7xx_hal_flash.o
hlpuart1            0x90              ./Core/Src/main.o

Discarded input sections

 .text          0x0000000000000000        0x0 c:/st/stm32cubeide_1.6.1/stm32cubeide/plugins/com.st.stm32cube.ide.mcu.externaltools.gnu-tools-for-stm32.9-2020-q2-update.win32_2.0.0.202105311346/tools/bin/../lib/gcc/arm-none-eabi/9.3.1/thumb/v7e-m+dp/hard/crti.o
 .data          0x0000000000000000        0x0 c:/st/stm32cubeide_1.6.1/stm32cubeide/plugins/com.st.stm32cube.ide.mcu.externaltools.gnu-tools-for-stm32.9-2020-q2-update.win32_2.0.0.202105311346/tools/bin/../lib/gcc/arm-none-eabi/9.3.1/thumb/v7e-m+dp/hard/crti.o
[...]
Memory Configuration

Name             Origin             Length             Attributes
FLASH            0x0000000008000000 0x0000000000020000 xr
RAM              0x0000000020000000 0x0000000000020000 xrw
RAM_D1           0x0000000024000000 0x0000000000080000 xrw
RAM_D2           0x0000000030000000 0x0000000000048000 xrw
RAM_D3           0x0000000038000000 0x0000000000010000 xrw
ITCMRAM          0x0000000000000000 0x0000000000010000 xrw
*default*        0x0000000000000000 0xffffffffffffffff

Linker script and memory map

LOAD c:/st/stm32cubeide_1.6.1/stm32cubeide/plugins/com.st.stm32cube.ide.mcu.externaltools.gnu-tools-for-stm32.9-2020-q2-update.win32_2.0.0.202105311346/tools/bin/../lib/gcc/arm-none-eabi/9.3.1/thumb/v7e-m+dp/hard/crti.o
LOAD c:/st/stm32cubeide_1.6.1/stm32cubeide/plugins/com.st.stm32cube.ide.mcu.externaltools.gnu-tools-for-stm32.9-2020-q2-update.win32_2.0.0.202105311346/tools/bin/../lib/gcc/arm-none-eabi/9.3.1/thumb/v7e-m+dp/hard/crtbegin.o
LOAD c:/st/stm32cubeide_1.6.1/stm32cubeide/plugins/com.st.stm32cube.ide.mcu.externaltools.gnu-tools-for-stm32.9-2020-q2-update.win32_2.0.0.202105311346/tools/bin/../lib/gcc/arm-none-eabi/9.3.1/../../../../arm-none-eabi/lib/thumb/v7e-m+dp/hard/crt0.o
LOAD ./Core/Src/main.o
LOAD ./Core/Src/stm32h7xx_hal_msp.o
LOAD ./Core/Src/stm32h7xx_it.o
LOAD ./Core/Src/syscalls.o
LOAD ./Core/Src/sysmem.o
LOAD ./Core/Src/system_stm32h7xx.o
LOAD ./Core/Startup/startup_stm32h750vbtx.o
LOAD ./Drivers/STM32H7xx_HAL_Driver/Src/stm32h7xx_hal.o
LOAD ./Drivers/STM32H7xx_HAL_Driver/Src/stm32h7xx_hal_cortex.o
LOAD ./Drivers/STM32H7xx_HAL_Driver/Src/stm32h7xx_hal_dma.o
LOAD ./Drivers/STM32H7xx_HAL_Driver/Src/stm32h7xx_hal_dma_ex.o
LOAD ./Drivers/STM32H7xx_HAL_Driver/Src/stm32h7xx_hal_exti.o
LOAD ./Drivers/STM32H7xx_HAL_Driver/Src/stm32h7xx_hal_flash.o
LOAD ./Drivers/STM32H7xx_HAL_Driver/Src/stm32h7xx_hal_flash_ex.o
LOAD ./Drivers/STM32H7xx_HAL_Driver/Src/stm32h7xx_hal_gpio.o
LOAD ./Drivers/STM32H7xx_HAL_Driver/Src/stm32h7xx_hal_hsem.o
LOAD ./Drivers/STM32H7xx_HAL_Driver/Src/stm32h7xx_hal_i2c.o
LOAD ./Drivers/STM32H7xx_HAL_Driver/Src/stm32h7xx_hal_i2c_ex.o
LOAD ./Drivers/STM32H7xx_HAL_Driver/Src/stm32h7xx_hal_mdma.o
LOAD ./Drivers/STM32H7xx_HAL_Driver/Src/stm32h7xx_hal_pwr.o
LOAD ./Drivers/STM32H7xx_HAL_Driver/Src/stm32h7xx_hal_pwr_ex.o
LOAD ./Drivers/STM32H7xx_HAL_Driver/Src/stm32h7xx_hal_rcc.o
LOAD ./Drivers/STM32H7xx_HAL_Driver/Src/stm32h7xx_hal_rcc_ex.o
LOAD ./Drivers/STM32H7xx_HAL_Driver/Src/stm32h7xx_hal_spi.o
LOAD ./Drivers/STM32H7xx_HAL_Driver/Src/stm32h7xx_hal_spi_ex.o
LOAD ./Drivers/STM32H7xx_HAL_Driver/Src/stm32h7xx_hal_tim.o
LOAD ./Drivers/STM32H7xx_HAL_Driver/Src/stm32h7xx_hal_tim_ex.o
LOAD ./Drivers/STM32H7xx_HAL_Driver/Src/stm32h7xx_hal_uart.o
LOAD ./Drivers/STM32H7xx_HAL_Driver/Src/stm32h7xx_hal_uart_ex.o
START GROUP
LOAD c:/st/stm32cubeide_1.6.1/stm32cubeide/plugins/com.st.stm32cube.ide.mcu.externaltools.gnu-tools-for-stm32.9-2020-q2-update.win32_2.0.0.202105311346/tools/bin/../lib/gcc/arm-none-eabi/9.3.1/../../../../arm-none-eabi/lib/thumb/v7e-m+dp/hard\libc_nano.a
LOAD c:/st/stm32cubeide_1.6.1/stm32cubeide/plugins/com.st.stm32cube.ide.mcu.externaltools.gnu-tools-for-stm32.9-2020-q2-update.win32_2.0.0.202105311346/tools/bin/../lib/gcc/arm-none-eabi/9.3.1/../../../../arm-none-eabi/lib/thumb/v7e-m+dp/hard\libm.a
END GROUP
START GROUP
LOAD c:/st/stm32cubeide_1.6.1/stm32cubeide/plugins/com.st.stm32cube.ide.mcu.externaltools.gnu-tools-for-stm32.9-2020-q2-update.win32_2.0.0.202105311346/tools/bin/../lib/gcc/arm-none-eabi/9.3.1/thumb/v7e-m+dp/hard\libgcc.a
LOAD c:/st/stm32cubeide_1.6.1/stm32cubeide/plugins/com.st.stm32cube.ide.mcu.externaltools.gnu-tools-for-stm32.9-2020-q2-update.win32_2.0.0.202105311346/tools/bin/../lib/gcc/arm-none-eabi/9.3.1/../../../../arm-none-eabi/lib/thumb/v7e-m+dp/hard\libc_nano.a
END GROUP
START GROUP
LOAD c:/st/stm32cubeide_1.6.1/stm32cubeide/plugins/com.st.stm32cube.ide.mcu.externaltools.gnu-tools-for-stm32.9-2020-q2-update.win32_2.0.0.202105311346/tools/bin/../lib/gcc/arm-none-eabi/9.3.1/thumb/v7e-m+dp/hard\libgcc.a
LOAD c:/st/stm32cubeide_1.6.1/stm32cubeide/plugins/com.st.stm32cube.ide.mcu.externaltools.gnu-tools-for-stm32.9-2020-q2-update.win32_2.0.0.202105311346/tools/bin/../lib/gcc/arm-none-eabi/9.3.1/../../../../arm-none-eabi/lib/thumb/v7e-m+dp/hard\libc_nano.a
LOAD c:/st/stm32cubeide_1.6.1/stm32cubeide/plugins/com.st.stm32cube.ide.mcu.externaltools.gnu-tools-for-stm32.9-2020-q2-update.win32_2.0.0.202105311346/tools/bin/../lib/gcc/arm-none-eabi/9.3.1/../../../../arm-none-eabi/lib/thumb/v7e-m+dp/hard\libnosys.a
END GROUP
START GROUP
LOAD c:/st/stm32cubeide_1.6.1/stm32cubeide/plugins/com.st.stm32cube.ide.mcu.externaltools.gnu-tools-for-stm32.9-2020-q2-update.win32_2.0.0.202105311346/tools/bin/../lib/gcc/arm-none-eabi/9.3.1/thumb/v7e-m+dp/hard\libgcc.a
LOAD c:/st/stm32cubeide_1.6.1/stm32cubeide/plugins/com.st.stm32cube.ide.mcu.externaltools.gnu-tools-for-stm32.9-2020-q2-update.win32_2.0.0.202105311346/tools/bin/../lib/gcc/arm-none-eabi/9.3.1/../../../../arm-none-eabi/lib/thumb/v7e-m+dp/hard\libc_nano.a
LOAD c:/st/stm32cubeide_1.6.1/stm32cubeide/plugins/com.st.stm32cube.ide.mcu.externaltools.gnu-tools-for-stm32.9-2020-q2-update.win32_2.0.0.202105311346/tools/bin/../lib/gcc/arm-none-eabi/9.3.1/../../../../arm-none-eabi/lib/thumb/v7e-m+dp/hard\libnosys.a
END GROUP
LOAD c:/st/stm32cubeide_1.6.1/stm32cubeide/plugins/com.st.stm32cube.ide.mcu.externaltools.gnu-tools-for-stm32.9-2020-q2-update.win32_2.0.0.202105311346/tools/bin/../lib/gcc/arm-none-eabi/9.3.1/thumb/v7e-m+dp/hard/crtend.o
LOAD c:/st/stm32cubeide_1.6.1/stm32cubeide/plugins/com.st.stm32cube.ide.mcu.externaltools.gnu-tools-for-stm32.9-2020-q2-update.win32_2.0.0.202105311346/tools/bin/../lib/gcc/arm-none-eabi/9.3.1/thumb/v7e-m+dp/hard/crtn.o
                0x0000000020020000                _estack = 0x20020000
                0x0000000000000200                _Min_Heap_Size = 0x200
                0x0000000000000400                _Min_Stack_Size = 0x400

.isr_vector     0x0000000008000000      0x298
                0x0000000008000000                . = ALIGN (0x4)
 *(.isr_vector)
 .isr_vector    0x0000000008000000      0x298 ./Core/Startup/startup_stm32h750vbtx.o
                0x0000000008000000                g_pfnVectors
                0x0000000008000298                . = ALIGN (0x4)

.text           0x0000000008000298     0x6b90
                0x0000000008000298                . = ALIGN (0x4)
 *(.text)
 .text          0x0000000008000298       0x40 c:/st/stm32cubeide_1.6.1/stm32cubeide/plugins/com.st.stm32cube.ide.mcu.externaltools.gnu-tools-for-stm32.9-2020-q2-update.win32_2.0.0.202105311346/tools/bin/../lib/gcc/arm-none-eabi/9.3.1/thumb/v7e-m+dp/hard/crtbegin.o
 .text          0x00000000080002d8       0x30 c:/st/stm32cubeide_1.6.1/stm32cubeide/plugins/com.st.stm32cube.ide.mcu.externaltools.gnu-tools-for-stm32.9-2020-q2-update.win32_2.0.0.202105311346/tools/bin/../lib/gcc/arm-none-eabi/9.3.1/thumb/v7e-m+dp/hard\libgcc.a(_aeabi_uldivmod.o)
                0x00000000080002d8                __aeabi_uldivmod
 .text          0x0000000008000308      0x2c4 c:/st/stm32cubeide_1.6.1/stm32cubeide/plugins/com.st.stm32cube.ide.mcu.externaltools.gnu-tools-for-stm32.9-2020-q2-update.win32_2.0.0.202105311346/tools/bin/../lib/gcc/arm-none-eabi/9.3.1/thumb/v7e-m+dp/hard\libgcc.a(_udivmoddi4.o)
                0x0000000008000308                __udivmoddi4
 .text          0x00000000080005cc        0x4 c:/st/stm32cubeide_1.6.1/stm32cubeide/plugins/com.st.stm32cube.ide.mcu.externaltools.gnu-tools-for-stm32.9-2020-q2-update.win32_2.0.0.202105311346/tools/bin/../lib/gcc/arm-none-eabi/9.3.1/thumb/v7e-m+dp/hard\libgcc.a(_dvmd_tls.o)
                0x00000000080005cc                __aeabi_idiv0
                0x00000000080005cc                __aeabi_ldiv0
 *(.text*)
 .text.AD7606_StartConvst
                0x00000000080005d0       0x40 ./Core/Src/main.o
                0x00000000080005d0                AD7606_StartConvst
 .text.AD7606_RESET
                0x0000000008000610       0x38 ./Core/Src/main.o
                0x0000000008000610                AD7606_RESET
 .text.AD7606_Init
                0x0000000008000648       0x40 ./Core/Src/main.o
                0x0000000008000648                AD7606_Init
 .text.AD7606_ReadData
                0x0000000008000688       0x24 ./Core/Src/main.o
                0x0000000008000688                AD7606_ReadData
 .text.main     0x00000000080006ac       0xd4 ./Core/Src/main.o
                0x00000000080006ac                main
 .text.SystemClock_Config
                0x0000000008000780       0xfc ./Core/Src/main.o
                0x0000000008000780                SystemClock_Config
 .text.PeriphCommonClock_Config
                0x000000000800087c       0x36 ./Core/Src/main.o
                0x000000000800087c                PeriphCommonClock_Config
 *fill*         0x00000000080008b2        0x2 
 .text.MX_LPUART1_UART_Init
                0x00000000080008b4       0x98 ./Core/Src/main.o
 .text.MX_SPI2_Init
                0x000000000800094c       0xb0 ./Core/Src/main.o
 .text.MX_GPIO_Init
                0x00000000080009fc      0x158 ./Core/Src/main.o
 .text.Error_Handler
                0x0000000008000b54        0xa ./Core/Src/main.o
                0x0000000008000b54                Error_Handler
 *fill*         0x0000000008000b5e        0x2 
 .text.HAL_MspInit
                0x0000000008000b60       0x38 ./Core/Src/stm32h7xx_hal_msp.o
                0x0000000008000b60                HAL_MspInit
 .text.HAL_UART_MspInit
                0x0000000008000b98       0xdc ./Core/Src/stm32h7xx_hal_msp.o
                0x0000000008000b98                HAL_UART_MspInit
 .text.HAL_SPI_MspInit
                0x0000000008000c74      0x11c ./Core/Src/stm32h7xx_hal_msp.o
                0x0000000008000c74                HAL_SPI_MspInit
 .text.NMI_Handler
                0x0000000008000d90        0x6 ./Core/Src/stm32h7xx_it.o
                0x0000000008000d90                NMI_Handler
 .text.HardFault_Handler
                0x0000000008000d96        0x6 ./Core/Src/stm32h7xx_it.o
                0x0000000008000d96                HardFault_Handler
 .text.MemManage_Handler
                0x0000000008000d9c        0x6 ./Core/Src/stm32h7xx_it.o
                0x0000000008000d9c                MemManage_Handler
 .text.BusFault_Handler
                0x0000000008000da2        0x6 ./Core/Src/stm32h7xx_it.o
                0x0000000008000da2                BusFault_Handler
 .text.UsageFault_Handler
                0x0000000008000da8        0x6 ./Core/Src/stm32h7xx_it.o
                0x0000000008000da8                UsageFault_Handler
 .text.SVC_Handler
                0x0000000008000dae        0xe ./Core/Src/stm32h7xx_it.o
                0x0000000008000dae                SVC_Handler
 .text.DebugMon_Handler
                0x0000000008000dbc        0xe ./Core/Src/stm32h7xx_it.o
                0x0000000008000dbc                DebugMon_Handler
 .text.PendSV_Handler
                0x0000000008000dca        0xe ./Core/Src/stm32h7xx_it.o
                0x0000000008000dca                PendSV_Handler
 .text.SysTick_Handler
                0x0000000008000dd8        0xc ./Core/Src/stm32h7xx_it.o
                0x0000000008000dd8                SysTick_Handler
 .text.LPUART1_IRQHandler
                0x0000000008000de4       0x14 ./Core/Src/stm32h7xx_it.o
                0x0000000008000de4                LPUART1_IRQHandler
 .text.SystemInit
                0x0000000008000df8      0x118 ./Core/Src/system_stm32h7xx.o
                0x0000000008000df8                SystemInit
 .text.Reset_Handler
                0x0000000008000f10       0x50 ./Core/Startup/startup_stm32h750vbtx.o
                0x0000000008000f10                Reset_Handler
 .text.Default_Handler
                0x0000000008000f60        0x2 ./Core/Startup/startup_stm32h750vbtx.o
                0x0000000008000f60                RTC_Alarm_IRQHandler
                0x0000000008000f60                HASH_RNG_IRQHandler
                0x0000000008000f60                EXTI2_IRQHandler
                0x0000000008000f60                TIM8_CC_IRQHandler
                0x0000000008000f60                HRTIM1_Master_IRQHandler
                0x0000000008000f60                UART8_IRQHandler
                0x0000000008000f60                SPI4_IRQHandler
                0x0000000008000f60                TIM1_CC_IRQHandler
                0x0000000008000f60                BDMA_Channel6_IRQHandler
                0x0000000008000f60                DMA2_Stream5_IRQHandler
                0x0000000008000f60                HRTIM1_FLT_IRQHandler
                0x0000000008000f60                JPEG_IRQHandler
                0x0000000008000f60                DMA1_Stream5_IRQHandler
                0x0000000008000f60                BDMA_Channel1_IRQHandler
                0x0000000008000f60                HRTIM1_TIMD_IRQHandler
                0x0000000008000f60                TAMP_STAMP_IRQHandler
                0x0000000008000f60                EXTI3_IRQHandler
                0x0000000008000f60                LPTIM4_IRQHandler
                0x0000000008000f60                TIM8_TRG_COM_TIM14_IRQHandler
                0x0000000008000f60                LPTIM2_IRQHandler
                0x0000000008000f60                DFSDM1_FLT1_IRQHandler
                0x0000000008000f60                DMAMUX2_OVR_IRQHandler
                0x0000000008000f60                TIM8_UP_TIM13_IRQHandler
                0x0000000008000f60                I2C3_ER_IRQHandler
                0x0000000008000f60                DFSDM1_FLT2_IRQHandler
                0x0000000008000f60                MDMA_IRQHandler
                0x0000000008000f60                LPTIM3_IRQHandler
                0x0000000008000f60                HSEM1_IRQHandler
                0x0000000008000f60                EXTI0_IRQHandler
                0x0000000008000f60                I2C2_EV_IRQHandler
                0x0000000008000f60                DMA1_Stream2_IRQHandler
                0x0000000008000f60                FPU_IRQHandler
                0x0000000008000f60                OTG_HS_WKUP_IRQHandler
                0x0000000008000f60                FDCAN1_IT1_IRQHandler
                0x0000000008000f60                LTDC_ER_IRQHandler
                0x0000000008000f60                DMA2_Stream2_IRQHandler
                0x0000000008000f60                HRTIM1_TIME_IRQHandler
                0x0000000008000f60                SPI1_IRQHandler
                0x0000000008000f60                TIM6_DAC_IRQHandler
                0x0000000008000f60                DCMI_IRQHandler
                0x0000000008000f60                HRTIM1_TIMC_IRQHandler
                0x0000000008000f60                DMA2_Stream3_IRQHandler
                0x0000000008000f60                SAI2_IRQHandler
                0x0000000008000f60                DFSDM1_FLT3_IRQHandler
                0x0000000008000f60                USART6_IRQHandler
                0x0000000008000f60                TIM17_IRQHandler
                0x0000000008000f60                USART3_IRQHandler
                0x0000000008000f60                BDMA_Channel7_IRQHandler
                0x0000000008000f60                CRYP_IRQHandler
                0x0000000008000f60                LPTIM5_IRQHandler
                0x0000000008000f60                UART5_IRQHandler
                0x0000000008000f60                ADC3_IRQHandler
                0x0000000008000f60                DMA2_Stream0_IRQHandler
                0x0000000008000f60                TIM4_IRQHandler
                0x0000000008000f60                BDMA_Channel2_IRQHandler
                0x0000000008000f60                QUADSPI_IRQHandler
                0x0000000008000f60                I2C1_EV_IRQHandler
                0x0000000008000f60                DMA1_Stream6_IRQHandler
                0x0000000008000f60                DMAMUX1_OVR_IRQHandler
                0x0000000008000f60                DMA1_Stream1_IRQHandler
                0x0000000008000f60                TIM16_IRQHandler
                0x0000000008000f60                UART4_IRQHandler
                0x0000000008000f60                BDMA_Channel5_IRQHandler
                0x0000000008000f60                TIM3_IRQHandler
                0x0000000008000f60                RCC_IRQHandler
                0x0000000008000f60                TIM8_BRK_TIM12_IRQHandler
                0x0000000008000f60                TIM1_TRG_COM_IRQHandler
                0x0000000008000f60                Default_Handler
                0x0000000008000f60                ECC_IRQHandler
                0x0000000008000f60                CEC_IRQHandler
                0x0000000008000f60                EXTI15_10_IRQHandler
                0x0000000008000f60                BDMA_Channel0_IRQHandler
                0x0000000008000f60                ADC_IRQHandler
                0x0000000008000f60                DMA1_Stream7_IRQHandler
                0x0000000008000f60                HRTIM1_TIMA_IRQHandler
                0x0000000008000f60                SPI5_IRQHandler
                0x0000000008000f60                TIM7_IRQHandler
                0x0000000008000f60                SDMMC1_IRQHandler
                0x0000000008000f60                TIM5_IRQHandler
                0x0000000008000f60                DMA2_Stream7_IRQHandler
                0x0000000008000f60                TIM15_IRQHandler
                0x0000000008000f60                PVD_AVD_IRQHandler
                0x0000000008000f60                I2C3_EV_IRQHandler
                0x0000000008000f60                EXTI9_5_IRQHandler
                0x0000000008000f60                RTC_WKUP_IRQHandler
                0x0000000008000f60                LTDC_IRQHandler
                0x0000000008000f60                SAI3_IRQHandler
                0x0000000008000f60                ETH_WKUP_IRQHandler
                0x0000000008000f60                SPDIF_RX_IRQHandler
                0x0000000008000f60                SPI2_IRQHandler
                0x0000000008000f60                OTG_HS_EP1_IN_IRQHandler
                0x0000000008000f60                DMA1_Stream0_IRQHandler
                0x0000000008000f60                CRS_IRQHandler
                0x0000000008000f60                EXTI4_IRQHandler
                0x0000000008000f60                HRTIM1_TIMB_IRQHandler
                0x0000000008000f60                FDCAN2_IT1_IRQHandler
                0x0000000008000f60                ETH_IRQHandler
                0x0000000008000f60                TIM1_UP_IRQHandler
                0x0000000008000f60                BDMA_Channel4_IRQHandler
                0x0000000008000f60                OTG_HS_EP1_OUT_IRQHandler
                0x0000000008000f60                WWDG_IRQHandler
                0x0000000008000f60                SPI6_IRQHandler
                0x0000000008000f60                MDIOS_IRQHandler
                0x0000000008000f60                I2C4_EV_IRQHandler
                0x0000000008000f60                FDCAN2_IT0_IRQHandler
                0x0000000008000f60                FDCAN1_IT0_IRQHandler
                0x0000000008000f60                TIM2_IRQHandler
                0x0000000008000f60                OTG_FS_WKUP_IRQHandler
                0x0000000008000f60                OTG_HS_IRQHandler
                0x0000000008000f60                DMA2D_IRQHandler
                0x0000000008000f60                TIM1_BRK_IRQHandler
                0x0000000008000f60                EXTI1_IRQHandler
                0x0000000008000f60                SDMMC2_IRQHandler
                0x0000000008000f60                OTG_FS_EP1_OUT_IRQHandler
                0x0000000008000f60                BDMA_Channel3_IRQHandler
                0x0000000008000f60                UART7_IRQHandler
                0x0000000008000f60                MDIOS_WKUP_IRQHandler
                0x0000000008000f60                USART2_IRQHandler
                0x0000000008000f60                DFSDM1_FLT0_IRQHandler
                0x0000000008000f60                SAI4_IRQHandler
                0x0000000008000f60                I2C2_ER_IRQHandler
                0x0000000008000f60                DMA2_Stream1_IRQHandler
                0x0000000008000f60                FLASH_IRQHandler
                0x0000000008000f60                DMA2_Stream4_IRQHandler
                0x0000000008000f60                USART1_IRQHandler
                0x0000000008000f60                OTG_FS_IRQHandler
                0x0000000008000f60                SPI3_IRQHandler
                0x0000000008000f60                WAKEUP_PIN_IRQHandler
                0x0000000008000f60                DMA1_Stream4_IRQHandler
                0x0000000008000f60                OTG_FS_EP1_IN_IRQHandler
                0x0000000008000f60                I2C1_ER_IRQHandler
                0x0000000008000f60                FMC_IRQHandler
                0x0000000008000f60                FDCAN_CAL_IRQHandler
                0x0000000008000f60                SWPMI1_IRQHandler
                0x0000000008000f60                COMP1_IRQHandler
                0x0000000008000f60                LPTIM1_IRQHandler
                0x0000000008000f60                I2C4_ER_IRQHandler
                0x0000000008000f60                DMA2_Stream6_IRQHandler
                0x0000000008000f60                SAI1_IRQHandler
                0x0000000008000f60                DMA1_Stream3_IRQHandler
 *fill*         0x0000000008000f62        0x2 
 .text.HAL_Init
                0x0000000008000f64       0x78 ./Drivers/STM32H7xx_HAL_Driver/Src/stm32h7xx_hal.o
                0x0000000008000f64                HAL_Init
 .text.HAL_InitTick
                0x0000000008000fdc       0x6c ./Drivers/STM32H7xx_HAL_Driver/Src/stm32h7xx_hal.o
                0x0000000008000fdc                HAL_InitTick
 .text.HAL_IncTick
                0x0000000008001048       0x28 ./Drivers/STM32H7xx_HAL_Driver/Src/stm32h7xx_hal.o
                0x0000000008001048                HAL_IncTick
 .text.HAL_GetTick
                0x0000000008001070       0x18 ./Drivers/STM32H7xx_HAL_Driver/Src/stm32h7xx_hal.o
                0x0000000008001070                HAL_GetTick
 .text.HAL_Delay
                0x0000000008001088       0x48 ./Drivers/STM32H7xx_HAL_Driver/Src/stm32h7xx_hal.o
                0x0000000008001088                HAL_Delay
 .text.HAL_GetREVID
                0x00000000080010d0       0x18 ./Drivers/STM32H7xx_HAL_Driver/Src/stm32h7xx_hal.o
                0x00000000080010d0                HAL_GetREVID
 .text.__NVIC_SetPriorityGrouping
                0x00000000080010e8       0x48 ./Drivers/STM32H7xx_HAL_Driver/Src/stm32h7xx_hal_cortex.o
 .text.__NVIC_GetPriorityGrouping
                0x0000000008001130       0x1c ./Drivers/STM32H7xx_HAL_Driver/Src/stm32h7xx_hal_cortex.o
 .text.__NVIC_EnableIRQ
                0x000000000800114c       0x3c ./Drivers/STM32H7xx_HAL_Driver/Src/stm32h7xx_hal_cortex.o
 .text.__NVIC_SetPriority
                0x0000000008001188       0x54 ./Drivers/STM32H7xx_HAL_Driver/Src/stm32h7xx_hal_cortex.o
 .text.NVIC_EncodePriority
                0x00000000080011dc       0x66 ./Drivers/STM32H7xx_HAL_Driver/Src/stm32h7xx_hal_cortex.o
 *fill*         0x0000000008001242        0x2 
 .text.SysTick_Config
                0x0000000008001244       0x44 ./Drivers/STM32H7xx_HAL_Driver/Src/stm32h7xx_hal_cortex.o
 .text.HAL_NVIC_SetPriorityGrouping
                0x0000000008001288       0x16 ./Drivers/STM32H7xx_HAL_Driver/Src/stm32h7xx_hal_cortex.o
                0x0000000008001288                HAL_NVIC_SetPriorityGrouping
 .text.HAL_NVIC_SetPriority
                0x000000000800129e       0x34 ./Drivers/STM32H7xx_HAL_Driver/Src/stm32h7xx_hal_cortex.o
                0x000000000800129e                HAL_NVIC_SetPriority
 .text.HAL_NVIC_EnableIRQ
                0x00000000080012d2       0x1c ./Drivers/STM32H7xx_HAL_Driver/Src/stm32h7xx_hal_cortex.o
                0x00000000080012d2                HAL_NVIC_EnableIRQ
 .text.HAL_SYSTICK_Config
                0x00000000080012ee       0x18 ./Drivers/STM32H7xx_HAL_Driver/Src/stm32h7xx_hal_cortex.o
                0x00000000080012ee                HAL_SYSTICK_Config
 *fill*         0x0000000008001306        0x2 
 .text.HAL_DMA_Abort
                0x0000000008001308      0x63c ./Drivers/STM32H7xx_HAL_Driver/Src/stm32h7xx_hal_dma.o
                0x0000000008001308                HAL_DMA_Abort
 .text.HAL_DMA_Abort_IT
                0x0000000008001944      0x488 ./Drivers/STM32H7xx_HAL_Driver/Src/stm32h7xx_hal_dma.o
                0x0000000008001944                HAL_DMA_Abort_IT
 .text.HAL_GPIO_Init
                0x0000000008001dcc      0x360 ./Drivers/STM32H7xx_HAL_Driver/Src/stm32h7xx_hal_gpio.o
                0x0000000008001dcc                HAL_GPIO_Init
 .text.HAL_GPIO_ReadPin
                0x000000000800212c       0x30 ./Drivers/STM32H7xx_HAL_Driver/Src/stm32h7xx_hal_gpio.o
                0x000000000800212c                HAL_GPIO_ReadPin
 .text.HAL_GPIO_WritePin
                0x000000000800215c       0x32 ./Drivers/STM32H7xx_HAL_Driver/Src/stm32h7xx_hal_gpio.o
                0x000000000800215c                HAL_GPIO_WritePin
 *fill*         0x000000000800218e        0x2 
 .text.HAL_PWREx_ConfigSupply
                0x0000000008002190       0x74 ./Drivers/STM32H7xx_HAL_Driver/Src/stm32h7xx_hal_pwr_ex.o
                0x0000000008002190                HAL_PWREx_ConfigSupply
 .text.HAL_RCC_OscConfig
                0x0000000008002204      0x820 ./Drivers/STM32H7xx_HAL_Driver/Src/stm32h7xx_hal_rcc.o
                0x0000000008002204                HAL_RCC_OscConfig
 .text.HAL_RCC_ClockConfig
                0x0000000008002a24      0x36c ./Drivers/STM32H7xx_HAL_Driver/Src/stm32h7xx_hal_rcc.o
                0x0000000008002a24                HAL_RCC_ClockConfig
 .text.HAL_RCC_GetSysClockFreq
                0x0000000008002d90      0x2f4 ./Drivers/STM32H7xx_HAL_Driver/Src/stm32h7xx_hal_rcc.o
                0x0000000008002d90                HAL_RCC_GetSysClockFreq
 .text.HAL_RCC_GetHCLKFreq
                0x0000000008003084       0x60 ./Drivers/STM32H7xx_HAL_Driver/Src/stm32h7xx_hal_rcc.o
                0x0000000008003084                HAL_RCC_GetHCLKFreq
 .text.HAL_RCC_GetPCLK1Freq
                0x00000000080030e4       0x2c ./Drivers/STM32H7xx_HAL_Driver/Src/stm32h7xx_hal_rcc.o
                0x00000000080030e4                HAL_RCC_GetPCLK1Freq
 .text.HAL_RCC_GetPCLK2Freq
                0x0000000008003110       0x2c ./Drivers/STM32H7xx_HAL_Driver/Src/stm32h7xx_hal_rcc.o
                0x0000000008003110                HAL_RCC_GetPCLK2Freq
 .text.HAL_RCCEx_PeriphCLKConfig
                0x000000000800313c      0xe80 ./Drivers/STM32H7xx_HAL_Driver/Src/stm32h7xx_hal_rcc_ex.o
                0x000000000800313c                HAL_RCCEx_PeriphCLKConfig
 .text.HAL_RCCEx_GetD3PCLK1Freq
                0x0000000008003fbc       0x2c ./Drivers/STM32H7xx_HAL_Driver/Src/stm32h7xx_hal_rcc_ex.o
                0x0000000008003fbc                HAL_RCCEx_GetD3PCLK1Freq
 .text.HAL_RCCEx_GetPLL2ClockFreq
                0x0000000008003fe8      0x2a8 ./Drivers/STM32H7xx_HAL_Driver/Src/stm32h7xx_hal_rcc_ex.o
                0x0000000008003fe8                HAL_RCCEx_GetPLL2ClockFreq
 .text.HAL_RCCEx_GetPLL3ClockFreq
                0x0000000008004290      0x2a8 ./Drivers/STM32H7xx_HAL_Driver/Src/stm32h7xx_hal_rcc_ex.o
                0x0000000008004290                HAL_RCCEx_GetPLL3ClockFreq
 .text.RCCEx_PLL2_Config
                0x0000000008004538      0x164 ./Drivers/STM32H7xx_HAL_Driver/Src/stm32h7xx_hal_rcc_ex.o
 .text.RCCEx_PLL3_Config
                0x000000000800469c      0x164 ./Drivers/STM32H7xx_HAL_Driver/Src/stm32h7xx_hal_rcc_ex.o
 .text.HAL_SPI_Init
                0x0000000008004800      0x204 ./Drivers/STM32H7xx_HAL_Driver/Src/stm32h7xx_hal_spi.o
                0x0000000008004800                HAL_SPI_Init
 .text.HAL_SPI_Receive
                0x0000000008004a04      0x3e4 ./Drivers/STM32H7xx_HAL_Driver/Src/stm32h7xx_hal_spi.o
                0x0000000008004a04                HAL_SPI_Receive
 .text.HAL_SPI_TransmitReceive
                0x0000000008004de8      0x5d8 ./Drivers/STM32H7xx_HAL_Driver/Src/stm32h7xx_hal_spi.o
                0x0000000008004de8                HAL_SPI_TransmitReceive
 .text.SPI_CloseTransfer
                0x00000000080053c0      0x140 ./Drivers/STM32H7xx_HAL_Driver/Src/stm32h7xx_hal_spi.o
 .text.SPI_WaitOnFlagUntilTimeout
                0x0000000008005500       0x5c ./Drivers/STM32H7xx_HAL_Driver/Src/stm32h7xx_hal_spi.o
 .text.SPI_GetPacketSize
                0x000000000800555c       0x36 ./Drivers/STM32H7xx_HAL_Driver/Src/stm32h7xx_hal_spi.o
 .text.HAL_UART_Init
                0x0000000008005592       0xa0 ./Drivers/STM32H7xx_HAL_Driver/Src/stm32h7xx_hal_uart.o
                0x0000000008005592                HAL_UART_Init
 .text.HAL_UART_Transmit
                0x0000000008005632      0x12c ./Drivers/STM32H7xx_HAL_Driver/Src/stm32h7xx_hal_uart.o
                0x0000000008005632                HAL_UART_Transmit
 *fill*         0x000000000800575e        0x2 
 .text.HAL_UART_IRQHandler
                0x0000000008005760      0x574 ./Drivers/STM32H7xx_HAL_Driver/Src/stm32h7xx_hal_uart.o
                0x0000000008005760                HAL_UART_IRQHandler
 .text.HAL_UART_TxCpltCallback
                0x0000000008005cd4       0x14 ./Drivers/STM32H7xx_HAL_Driver/Src/stm32h7xx_hal_uart.o
                0x0000000008005cd4                HAL_UART_TxCpltCallback
 .text.HAL_UART_ErrorCallback
                0x0000000008005ce8       0x14 ./Drivers/STM32H7xx_HAL_Driver/Src/stm32h7xx_hal_uart.o
                0x0000000008005ce8                HAL_UART_ErrorCallback
 .text.HAL_UARTEx_RxEventCallback
                0x0000000008005cfc       0x18 ./Drivers/STM32H7xx_HAL_Driver/Src/stm32h7xx_hal_uart.o
                0x0000000008005cfc                HAL_UARTEx_RxEventCallback
 .text.UART_SetConfig
                0x0000000008005d14      0xac0 ./Drivers/STM32H7xx_HAL_Driver/Src/stm32h7xx_hal_uart.o
                0x0000000008005d14                UART_SetConfig
 .text.UART_AdvFeatureConfig
                0x00000000080067d4      0x144 ./Drivers/STM32H7xx_HAL_Driver/Src/stm32h7xx_hal_uart.o
                0x00000000080067d4                UART_AdvFeatureConfig
 .text.UART_CheckIdleState
                0x0000000008006918       0x96 ./Drivers/STM32H7xx_HAL_Driver/Src/stm32h7xx_hal_uart.o
                0x0000000008006918                UART_CheckIdleState
 .text.UART_WaitOnFlagUntilTimeout
                0x00000000080069ae      0x100 ./Drivers/STM32H7xx_HAL_Driver/Src/stm32h7xx_hal_uart.o
                0x00000000080069ae                UART_WaitOnFlagUntilTimeout
 *fill*         0x0000000008006aae        0x2 
 .text.UART_EndRxTransfer
                0x0000000008006ab0       0x64 ./Drivers/STM32H7xx_HAL_Driver/Src/stm32h7xx_hal_uart.o
 .text.UART_DMAAbortOnError
                0x0000000008006b14       0x2c ./Drivers/STM32H7xx_HAL_Driver/Src/stm32h7xx_hal_uart.o
 .text.UART_EndTransmit_IT
                0x0000000008006b40       0x34 ./Drivers/STM32H7xx_HAL_Driver/Src/stm32h7xx_hal_uart.o
 .text.HAL_UARTEx_WakeupCallback
                0x0000000008006b74       0x14 ./Drivers/STM32H7xx_HAL_Driver/Src/stm32h7xx_hal_uart_ex.o
                0x0000000008006b74                HAL_UARTEx_WakeupCallback
 .text.HAL_UARTEx_RxFifoFullCallback
                0x0000000008006b88       0x14 ./Drivers/STM32H7xx_HAL_Driver/Src/stm32h7xx_hal_uart_ex.o
                0x0000000008006b88                HAL_UARTEx_RxFifoFullCallback
 .text.HAL_UARTEx_TxFifoEmptyCallback
                0x0000000008006b9c       0x14 ./Drivers/STM32H7xx_HAL_Driver/Src/stm32h7xx_hal_uart_ex.o
                0x0000000008006b9c                HAL_UARTEx_TxFifoEmptyCallback
 .text.HAL_UARTEx_DisableFifoMode
                0x0000000008006bb0       0x72 ./Drivers/STM32H7xx_HAL_Driver/Src/stm32h7xx_hal_uart_ex.o
                0x0000000008006bb0                HAL_UARTEx_DisableFifoMode
 .text.HAL_UARTEx_SetTxFifoThreshold
                0x0000000008006c22       0x7c ./Drivers/STM32H7xx_HAL_Driver/Src/stm32h7xx_hal_uart_ex.o
                0x0000000008006c22                HAL_UARTEx_SetTxFifoThreshold
 .text.HAL_UARTEx_SetRxFifoThreshold
                0x0000000008006c9e       0x7c ./Drivers/STM32H7xx_HAL_Driver/Src/stm32h7xx_hal_uart_ex.o
                0x0000000008006c9e                HAL_UARTEx_SetRxFifoThreshold
 *fill*         0x0000000008006d1a        0x2 
 .text.UARTEx_SetNbDataToProcess
                0x0000000008006d1c       0x9c ./Drivers/STM32H7xx_HAL_Driver/Src/stm32h7xx_hal_uart_ex.o
 .text.__libc_init_array
                0x0000000008006db8       0x48 c:/st/stm32cubeide_1.6.1/stm32cubeide/plugins/com.st.stm32cube.ide.mcu.externaltools.gnu-tools-for-stm32.9-2020-q2-update.win32_2.0.0.202105311346/tools/bin/../lib/gcc/arm-none-eabi/9.3.1/../../../../arm-none-eabi/lib/thumb/v7e-m+dp/hard\libc_nano.a(lib_a-init.o)
                0x0000000008006db8                __libc_init_array
 .text.memset   0x0000000008006e00       0x10 c:/st/stm32cubeide_1.6.1/stm32cubeide/plugins/com.st.stm32cube.ide.mcu.externaltools.gnu-tools-for-stm32.9-2020-q2-update.win32_2.0.0.202105311346/tools/bin/../lib/gcc/arm-none-eabi/9.3.1/../../../../arm-none-eabi/lib/thumb/v7e-m+dp/hard\libc_nano.a(lib_a-memset.o)
                0x0000000008006e00                memset
 *(.glue_7)
 .glue_7        0x0000000008006e10        0x0 linker stubs
 *(.glue_7t)
 .glue_7t       0x0000000008006e10        0x0 linker stubs
 *(.eh_frame)
 .eh_frame      0x0000000008006e10        0x0 c:/st/stm32cubeide_1.6.1/stm32cubeide/plugins/com.st.stm32cube.ide.mcu.externaltools.gnu-tools-for-stm32.9-2020-q2-update.win32_2.0.0.202105311346/tools/bin/../lib/gcc/arm-none-eabi/9.3.1/thumb/v7e-m+dp/hard/crtbegin.o
 *(.init)
 .init          0x0000000008006e10        0x4 c:/st/stm32cubeide_1.6.1/stm32cubeide/plugins/com.st.stm32cube.ide.mcu.externaltools.gnu-tools-for-stm32.9-2020-q2-update.win32_2.0.0.202105311346/tools/bin/../lib/gcc/arm-none-eabi/9.3.1/thumb/v7e-m+dp/hard/crti.o
                0x0000000008006e10                _init
 .init          0x0000000008006e14        0x8 c:/st/stm32cubeide_1.6.1/stm32cubeide/plugins/com.st.stm32cube.ide.mcu.externaltools.gnu-tools-for-stm32.9-2020-q2-update.win32_2.0.0.202105311346/tools/bin/../lib/gcc/arm-none-eabi/9.3.1/thumb/v7e-m+dp/hard/crtn.o
 *(.fini)
 .fini          0x0000000008006e1c        0x4 c:/st/stm32cubeide_1.6.1/stm32cubeide/plugins/com.st.stm32cube.ide.mcu.externaltools.gnu-tools-for-stm32.9-2020-q2-update.win32_2.0.0.202105311346/tools/bin/../lib/gcc/arm-none-eabi/9.3.1/thumb/v7e-m+dp/hard/crti.o
                0x0000000008006e1c                _fini
 .fini          0x0000000008006e20        0x8 c:/st/stm32cubeide_1.6.1/stm32cubeide/plugins/com.st.stm32cube.ide.mcu.externaltools.gnu-tools-for-stm32.9-2020-q2-update.win32_2.0.0.202105311346/tools/bin/../lib/gcc/arm-none-eabi/9.3.1/thumb/v7e-m+dp/hard/crtn.o
                0x0000000008006e28                . = ALIGN (0x4)
                0x0000000008006e28                _etext = .

.vfp11_veneer   0x0000000008006e28        0x0
 .vfp11_veneer  0x0000000008006e28        0x0 linker stubs

.v4_bx          0x0000000008006e28        0x0
 .v4_bx         0x0000000008006e28        0x0 linker stubs

.iplt           0x0000000008006e28        0x0
 .iplt          0x0000000008006e28        0x0 c:/st/stm32cubeide_1.6.1/stm32cubeide/plugins/com.st.stm32cube.ide.mcu.externaltools.gnu-tools-for-stm32.9-2020-q2-update.win32_2.0.0.202105311346/tools/bin/../lib/gcc/arm-none-eabi/9.3.1/thumb/v7e-m+dp/hard/crtbegin.o

.rodata         0x0000000008006e28       0x44
                0x0000000008006e28                . = ALIGN (0x4)
 *(.rodata)
 .rodata        0x0000000008006e28        0xc ./Core/Src/main.o
 *(.rodata*)
 .rodata.D1CorePrescTable
                0x0000000008006e34       0x10 ./Core/Src/system_stm32h7xx.o
                0x0000000008006e34                D1CorePrescTable
 .rodata.UARTPrescTable
                0x0000000008006e44       0x18 ./Drivers/STM32H7xx_HAL_Driver/Src/stm32h7xx_hal_uart.o
                0x0000000008006e44                UARTPrescTable
 .rodata.numerator.10611
                0x0000000008006e5c        0x8 ./Drivers/STM32H7xx_HAL_Driver/Src/stm32h7xx_hal_uart_ex.o
 .rodata.denominator.10612
                0x0000000008006e64        0x8 ./Drivers/STM32H7xx_HAL_Driver/Src/stm32h7xx_hal_uart_ex.o
                0x0000000008006e6c                . = ALIGN (0x4)

.ARM.extab
 *(.ARM.extab* .gnu.linkonce.armextab.*)

.ARM            0x0000000008006e6c        0x8
                0x0000000008006e6c                __exidx_start = .
 *(.ARM.exidx*)
 .ARM.exidx     0x0000000008006e6c        0x8 c:/st/stm32cubeide_1.6.1/stm32cubeide/plugins/com.st.stm32cube.ide.mcu.externaltools.gnu-tools-for-stm32.9-2020-q2-update.win32_2.0.0.202105311346/tools/bin/../lib/gcc/arm-none-eabi/9.3.1/thumb/v7e-m+dp/hard\libgcc.a(_udivmoddi4.o)
                0x0000000008006e74                __exidx_end = .

.rel.dyn        0x0000000008006e74        0x0
 .rel.iplt      0x0000000008006e74        0x0 c:/st/stm32cubeide_1.6.1/stm32cubeide/plugins/com.st.stm32cube.ide.mcu.externaltools.gnu-tools-for-stm32.9-2020-q2-update.win32_2.0.0.202105311346/tools/bin/../lib/gcc/arm-none-eabi/9.3.1/thumb/v7e-m+dp/hard/crtbegin.o

.preinit_array  0x0000000008006e74        0x0
                0x0000000008006e74                PROVIDE (__preinit_array_start = .)
 *(.preinit_array*)
                0x0000000008006e74                PROVIDE (__preinit_array_end = .)

.init_array     0x0000000008006e74        0x4
                0x0000000008006e74                PROVIDE (__init_array_start = .)
 *(SORT_BY_NAME(.init_array.*))
 *(.init_array*)
 .init_array    0x0000000008006e74        0x4 c:/st/stm32cubeide_1.6.1/stm32cubeide/plugins/com.st.stm32cube.ide.mcu.externaltools.gnu-tools-for-stm32.9-2020-q2-update.win32_2.0.0.202105311346/tools/bin/../lib/gcc/arm-none-eabi/9.3.1/thumb/v7e-m+dp/hard/crtbegin.o
                0x0000000008006e78                PROVIDE (__init_array_end = .)

.fini_array     0x0000000008006e78        0x4
                [!provide]                        PROVIDE (__fini_array_start = .)
 *(SORT_BY_NAME(.fini_array.*))
 *(.fini_array*)
 .fini_array    0x0000000008006e78        0x4 c:/st/stm32cubeide_1.6.1/stm32cubeide/plugins/com.st.stm32cube.ide.mcu.externaltools.gnu-tools-for-stm32.9-2020-q2-update.win32_2.0.0.202105311346/tools/bin/../lib/gcc/arm-none-eabi/9.3.1/thumb/v7e-m+dp/hard/crtbegin.o
                [!provide]                        PROVIDE (__fini_array_end = .)
                0x0000000008006e7c                _sidata = LOADADDR (.data)

.data           0x0000000020000000       0x10 load address 0x0000000008006e7c
                0x0000000020000000                . = ALIGN (0x4)
                0x0000000020000000                _sdata = .
 *(.data)
 *(.data*)
 .data.SystemCoreClock
                0x0000000020000000        0x4 ./Core/Src/system_stm32h7xx.o
                0x0000000020000000                SystemCoreClock
 .data.SystemD2Clock
                0x0000000020000004        0x4 ./Core/Src/system_stm32h7xx.o
                0x0000000020000004                SystemD2Clock
 .data.uwTickPrio
                0x0000000020000008        0x4 ./Drivers/STM32H7xx_HAL_Driver/Src/stm32h7xx_hal.o
                0x0000000020000008                uwTickPrio
 .data.uwTickFreq
                0x000000002000000c        0x1 ./Drivers/STM32H7xx_HAL_Driver/Src/stm32h7xx_hal.o
                0x000000002000000c                uwTickFreq
 *(.RamFunc)
 *(.RamFunc*)
                0x0000000020000010                . = ALIGN (0x4)
 *fill*         0x000000002000000d        0x3 
                0x0000000020000010                _edata = .

.igot.plt       0x0000000020000010        0x0 load address 0x0000000008006e8c
 .igot.plt      0x0000000020000010        0x0 c:/st/stm32cubeide_1.6.1/stm32cubeide/plugins/com.st.stm32cube.ide.mcu.externaltools.gnu-tools-for-stm32.9-2020-q2-update.win32_2.0.0.202105311346/tools/bin/../lib/gcc/arm-none-eabi/9.3.1/thumb/v7e-m+dp/hard/crtbegin.o
                0x0000000020000010                . = ALIGN (0x4)

.bss            0x0000000020000010      0x138 load address 0x0000000008006e8c
                0x0000000020000010                _sbss = .
                0x0000000020000010                __bss_start__ = _sbss
 *(.bss)
 .bss           0x0000000020000010       0x1c c:/st/stm32cubeide_1.6.1/stm32cubeide/plugins/com.st.stm32cube.ide.mcu.externaltools.gnu-tools-for-stm32.9-2020-q2-update.win32_2.0.0.202105311346/tools/bin/../lib/gcc/arm-none-eabi/9.3.1/thumb/v7e-m+dp/hard/crtbegin.o
 *(.bss*)
 *(COMMON)
 COMMON         0x000000002000002c      0x118 ./Core/Src/main.o
                0x000000002000002c                hspi2
                0x00000000200000b4                hlpuart1
 COMMON         0x0000000020000144        0x4 ./Drivers/STM32H7xx_HAL_Driver/Src/stm32h7xx_hal.o
                0x0000000020000144                uwTick
                0x0000000020000148                . = ALIGN (0x4)
                0x0000000020000148                _ebss = .
                0x0000000020000148                __bss_end__ = _ebss

._user_heap_stack
                0x0000000020000148      0x600 load address 0x0000000008006e8c
                0x0000000020000148                . = ALIGN (0x8)
                [!provide]                        PROVIDE (end = .)
                0x0000000020000148                PROVIDE (_end = .)
                0x0000000020000348                . = (. + _Min_Heap_Size)
 *fill*         0x0000000020000148      0x200 
                0x0000000020000748                . = (. + _Min_Stack_Size)
 *fill*         0x0000000020000348      0x400 
                0x0000000020000748                . = ALIGN (0x8)

/DISCARD/
 libc.a(*)
 libm.a(*)
 libgcc.a(*)

.ARM.attributes
                0x0000000000000000       0x2e
 *(.ARM.attributes)
 .ARM.attributes
                0x0000000000000000       0x1e c:/st/stm32cubeide_1.6.1/stm32cubeide/plugins/com.st.stm32cube.ide.mcu.externaltools.gnu-tools-for-stm32.9-2020-q2-update.win32_2.0.0.202105311346/tools/bin/../lib/gcc/arm-none-eabi/9.3.1/thumb/v7e-m+dp/hard/crti.o
 .ARM.attributes
                0x000000000000001e       0x32 c:/st/stm32cubeide_1.6.1/stm32cubeide/plugins/com.st.stm32cube.ide.mcu.externaltools.gnu-tools-for-stm32.9-2020-q2-update.win32_2.0.0.202105311346/tools/bin/../lib/gcc/arm-none-eabi/9.3.1/thumb/v7e-m+dp/hard/crtbegin.o
 .ARM.attributes
                0x0000000000000050       0x32 ./Core/Src/main.o
 .ARM.attributes
                0x0000000000000082       0x32 ./Core/Src/stm32h7xx_hal_msp.o
 .ARM.attributes
                0x00000000000000b4       0x32 ./Core/Src/stm32h7xx_it.o
 .ARM.attributes
                0x00000000000000e6       0x32 ./Core/Src/system_stm32h7xx.o
 .ARM.attributes
                0x0000000000000118       0x21 ./Core/Startup/startup_stm32h750vbtx.o
 .ARM.attributes
                0x0000000000000139       0x32 ./Drivers/STM32H7xx_HAL_Driver/Src/stm32h7xx_hal.o
 .ARM.attributes
                0x000000000000016b       0x32 ./Drivers/STM32H7xx_HAL_Driver/Src/stm32h7xx_hal_cortex.o
 .ARM.attributes
                0x000000000000019d       0x32 ./Drivers/STM32H7xx_HAL_Driver/Src/stm32h7xx_hal_dma.o
 .ARM.attributes
                0x00000000000001cf       0x32 ./Drivers/STM32H7xx_HAL_Driver/Src/stm32h7xx_hal_gpio.o
 .ARM.attributes
                0x0000000000000201       0x32 ./Drivers/STM32H7xx_HAL_Driver/Src/stm32h7xx_hal_pwr_ex.o
 .ARM.attributes
                0x0000000000000233       0x32 ./Drivers/STM32H7xx_HAL_Driver/Src/stm32h7xx_hal_rcc.o
 .ARM.attributes
                0x0000000000000265       0x32 ./Drivers/STM32H7xx_HAL_Driver/Src/stm32h7xx_hal_rcc_ex.o
 .ARM.attributes
                0x0000000000000297       0x32 ./Drivers/STM32H7xx_HAL_Driver/Src/stm32h7xx_hal_spi.o
 .ARM.attributes
                0x00000000000002c9       0x32 ./Drivers/STM32H7xx_HAL_Driver/Src/stm32h7xx_hal_uart.o
 .ARM.attributes
                0x00000000000002fb       0x32 ./Drivers/STM32H7xx_HAL_Driver/Src/stm32h7xx_hal_uart_ex.o
 .ARM.attributes
                0x000000000000032d       0x32 c:/st/stm32cubeide_1.6.1/stm32cubeide/plugins/com.st.stm32cube.ide.mcu.externaltools.gnu-tools-for-stm32.9-2020-q2-update.win32_2.0.0.202105311346/tools/bin/../lib/gcc/arm-none-eabi/9.3.1/../../../../arm-none-eabi/lib/thumb/v7e-m+dp/hard\libc_nano.a(lib_a-init.o)
 .ARM.attributes
                0x000000000000035f       0x32 c:/st/stm32cubeide_1.6.1/stm32cubeide/plugins/com.st.stm32cube.ide.mcu.externaltools.gnu-tools-for-stm32.9-2020-q2-update.win32_2.0.0.202105311346/tools/bin/../lib/gcc/arm-none-eabi/9.3.1/../../../../arm-none-eabi/lib/thumb/v7e-m+dp/hard\libc_nano.a(lib_a-memset.o)
 .ARM.attributes
                0x0000000000000391       0x1e c:/st/stm32cubeide_1.6.1/stm32cubeide/plugins/com.st.stm32cube.ide.mcu.externaltools.gnu-tools-for-stm32.9-2020-q2-update.win32_2.0.0.202105311346/tools/bin/../lib/gcc/arm-none-eabi/9.3.1/thumb/v7e-m+dp/hard\libgcc.a(_aeabi_uldivmod.o)
 .ARM.attributes
                0x00000000000003af       0x32 c:/st/stm32cubeide_1.6.1/stm32cubeide/plugins/com.st.stm32cube.ide.mcu.externaltools.gnu-tools-for-stm32.9-2020-q2-update.win32_2.0.0.202105311346/tools/bin/../lib/gcc/arm-none-eabi/9.3.1/thumb/v7e-m+dp/hard\libgcc.a(_udivmoddi4.o)
 .ARM.attributes
                0x00000000000003e1       0x1e c:/st/stm32cubeide_1.6.1/stm32cubeide/plugins/com.st.stm32cube.ide.mcu.externaltools.gnu-tools-for-stm32.9-2020-q2-update.win32_2.0.0.202105311346/tools/bin/../lib/gcc/arm-none-eabi/9.3.1/thumb/v7e-m+dp/hard\libgcc.a(_dvmd_tls.o)
 .ARM.attributes
                0x00000000000003ff       0x1e c:/st/stm32cubeide_1.6.1/stm32cubeide/plugins/com.st.stm32cube.ide.mcu.externaltools.gnu-tools-for-stm32.9-2020-q2-update.win32_2.0.0.202105311346/tools/bin/../lib/gcc/arm-none-eabi/9.3.1/thumb/v7e-m+dp/hard/crtn.o
OUTPUT(test.elf elf32-littlearm)
LOAD linker stubs
LOAD c:/st/stm32cubeide_1.6.1/stm32cubeide/plugins/com.st.stm32cube.ide.mcu.externaltools.gnu-tools-for-stm32.9-2020-q2-update.win32_2.0.0.202105311346/tools/bin/../lib/gcc/arm-none-eabi/9.3.1/../../../../arm-none-eabi/lib/thumb/v7e-m+dp/hard\libc.a
LOAD c:/st/stm32cubeide_1.6.1/stm32cubeide/plugins/com.st.stm32cube.ide.mcu.externaltools.gnu-tools-for-stm32.9-2020-q2-update.win32_2.0.0.202105311346/tools/bin/../lib/gcc/arm-none-eabi/9.3.1/../../../../arm-none-eabi/lib/thumb/v7e-m+dp/hard\libm.a
LOAD c:/st/stm32cubeide_1.6.1/stm32cubeide/plugins/com.st.stm32cube.ide.mcu.externaltools.gnu-tools-for-stm32.9-2020-q2-update.win32_2.0.0.202105311346/tools/bin/../lib/gcc/arm-none-eabi/9.3.1/thumb/v7e-m+dp/hard\libgcc.a

.debug_info     0x0000000000000000    0x18e22
 .debug_info    0x0000000000000000     0x2461 ./Core/Src/main.o
 .debug_info    0x0000000000002461     0x2269 ./Core/Src/stm32h7xx_hal_msp.o
 .debug_info    0x00000000000046ca     0x129e ./Core/Src/stm32h7xx_it.o
 .debug_info    0x0000000000005968     0x1787 ./Core/Src/system_stm32h7xx.o
 .debug_info    0x00000000000070ef       0x22 ./Core/Startup/startup_stm32h750vbtx.o
 .debug_info    0x0000000000007111     0x1fa3 ./Drivers/STM32H7xx_HAL_Driver/Src/stm32h7xx_hal.o
 .debug_info    0x00000000000090b4     0x1c19 ./Drivers/STM32H7xx_HAL_Driver/Src/stm32h7xx_hal_cortex.o
 .debug_info    0x000000000000accd     0x174c ./Drivers/STM32H7xx_HAL_Driver/Src/stm32h7xx_hal_dma.o
 .debug_info    0x000000000000c419     0x17e6 ./Drivers/STM32H7xx_HAL_Driver/Src/stm32h7xx_hal_gpio.o
 .debug_info    0x000000000000dbff     0x1b45 ./Drivers/STM32H7xx_HAL_Driver/Src/stm32h7xx_hal_pwr_ex.o
 .debug_info    0x000000000000f744     0x1951 ./Drivers/STM32H7xx_HAL_Driver/Src/stm32h7xx_hal_rcc.o
 .debug_info    0x0000000000011095     0x1d01 ./Drivers/STM32H7xx_HAL_Driver/Src/stm32h7xx_hal_rcc_ex.o
 .debug_info    0x0000000000012d96     0x1fc7 ./Drivers/STM32H7xx_HAL_Driver/Src/stm32h7xx_hal_spi.o
 .debug_info    0x0000000000014d5d     0x2937 ./Drivers/STM32H7xx_HAL_Driver/Src/stm32h7xx_hal_uart.o
 .debug_info    0x0000000000017694     0x178e ./Drivers/STM32H7xx_HAL_Driver/Src/stm32h7xx_hal_uart_ex.o

.debug_abbrev   0x0000000000000000     0x28f0
 .debug_abbrev  0x0000000000000000      0x328 ./Core/Src/main.o
 .debug_abbrev  0x0000000000000328      0x256 ./Core/Src/stm32h7xx_hal_msp.o
 .debug_abbrev  0x000000000000057e      0x1fe ./Core/Src/stm32h7xx_it.o
 .debug_abbrev  0x000000000000077c      0x262 ./Core/Src/system_stm32h7xx.o
 .debug_abbrev  0x00000000000009de       0x12 ./Core/Startup/startup_stm32h750vbtx.o
 .debug_abbrev  0x00000000000009f0      0x31b ./Drivers/STM32H7xx_HAL_Driver/Src/stm32h7xx_hal.o
 .debug_abbrev  0x0000000000000d0b      0x409 ./Drivers/STM32H7xx_HAL_Driver/Src/stm32h7xx_hal_cortex.o
 .debug_abbrev  0x0000000000001114      0x2c1 ./Drivers/STM32H7xx_HAL_Driver/Src/stm32h7xx_hal_dma.o
 .debug_abbrev  0x00000000000013d5      0x2cb ./Drivers/STM32H7xx_HAL_Driver/Src/stm32h7xx_hal_gpio.o
 .debug_abbrev  0x00000000000016a0      0x350 ./Drivers/STM32H7xx_HAL_Driver/Src/stm32h7xx_hal_pwr_ex.o
 .debug_abbrev  0x00000000000019f0      0x322 ./Drivers/STM32H7xx_HAL_Driver/Src/stm32h7xx_hal_rcc.o
 .debug_abbrev  0x0000000000001d12      0x31d ./Drivers/STM32H7xx_HAL_Driver/Src/stm32h7xx_hal_rcc_ex.o
 .debug_abbrev  0x000000000000202f      0x313 ./Drivers/STM32H7xx_HAL_Driver/Src/stm32h7xx_hal_spi.o
 .debug_abbrev  0x0000000000002342      0x309 ./Drivers/STM32H7xx_HAL_Driver/Src/stm32h7xx_hal_uart.o
 .debug_abbrev  0x000000000000264b      0x2a5 ./Drivers/STM32H7xx_HAL_Driver/Src/stm32h7xx_hal_uart_ex.o

.debug_aranges  0x0000000000000000      0xc78
 .debug_aranges
                0x0000000000000000       0x70 ./Core/Src/main.o
 .debug_aranges
                0x0000000000000070       0x40 ./Core/Src/stm32h7xx_hal_msp.o
 .debug_aranges
                0x00000000000000b0       0x68 ./Core/Src/stm32h7xx_it.o
 .debug_aranges
                0x0000000000000118       0x28 ./Core/Src/system_stm32h7xx.o
 .debug_aranges
                0x0000000000000140       0x28 ./Core/Startup/startup_stm32h750vbtx.o
 .debug_aranges
                0x0000000000000168      0x198 ./Drivers/STM32H7xx_HAL_Driver/Src/stm32h7xx_hal.o
 .debug_aranges
                0x0000000000000300      0x120 ./Drivers/STM32H7xx_HAL_Driver/Src/stm32h7xx_hal_cortex.o
 .debug_aranges
                0x0000000000000420       0xa0 ./Drivers/STM32H7xx_HAL_Driver/Src/stm32h7xx_hal_dma.o
 .debug_aranges
                0x00000000000004c0       0x58 ./Drivers/STM32H7xx_HAL_Driver/Src/stm32h7xx_hal_gpio.o
 .debug_aranges
                0x0000000000000518      0x158 ./Drivers/STM32H7xx_HAL_Driver/Src/stm32h7xx_hal_pwr_ex.o
 .debug_aranges
                0x0000000000000670       0x88 ./Drivers/STM32H7xx_HAL_Driver/Src/stm32h7xx_hal_rcc.o
 .debug_aranges
                0x00000000000006f8       0xf8 ./Drivers/STM32H7xx_HAL_Driver/Src/stm32h7xx_hal_rcc_ex.o
 .debug_aranges
                0x00000000000007f0      0x1a0 ./Drivers/STM32H7xx_HAL_Driver/Src/stm32h7xx_hal_spi.o
 .debug_aranges
                0x0000000000000990      0x248 ./Drivers/STM32H7xx_HAL_Driver/Src/stm32h7xx_hal_uart.o
 .debug_aranges
                0x0000000000000bd8       0xa0 ./Drivers/STM32H7xx_HAL_Driver/Src/stm32h7xx_hal_uart_ex.o

.debug_ranges   0x0000000000000000      0xbc0
 .debug_ranges  0x0000000000000000       0x60 ./Core/Src/main.o
 .debug_ranges  0x0000000000000060       0x30 ./Core/Src/stm32h7xx_hal_msp.o
 .debug_ranges  0x0000000000000090       0x58 ./Core/Src/stm32h7xx_it.o
 .debug_ranges  0x00000000000000e8       0x18 ./Core/Src/system_stm32h7xx.o
 .debug_ranges  0x0000000000000100       0x20 ./Core/Startup/startup_stm32h750vbtx.o
 .debug_ranges  0x0000000000000120      0x188 ./Drivers/STM32H7xx_HAL_Driver/Src/stm32h7xx_hal.o
 .debug_ranges  0x00000000000002a8      0x110 ./Drivers/STM32H7xx_HAL_Driver/Src/stm32h7xx_hal_cortex.o
 .debug_ranges  0x00000000000003b8       0x90 ./Drivers/STM32H7xx_HAL_Driver/Src/stm32h7xx_hal_dma.o
 .debug_ranges  0x0000000000000448       0x48 ./Drivers/STM32H7xx_HAL_Driver/Src/stm32h7xx_hal_gpio.o
 .debug_ranges  0x0000000000000490      0x148 ./Drivers/STM32H7xx_HAL_Driver/Src/stm32h7xx_hal_pwr_ex.o
 .debug_ranges  0x00000000000005d8       0x78 ./Drivers/STM32H7xx_HAL_Driver/Src/stm32h7xx_hal_rcc.o
 .debug_ranges  0x0000000000000650       0xe8 ./Drivers/STM32H7xx_HAL_Driver/Src/stm32h7xx_hal_rcc_ex.o
 .debug_ranges  0x0000000000000738      0x190 ./Drivers/STM32H7xx_HAL_Driver/Src/stm32h7xx_hal_spi.o
 .debug_ranges  0x00000000000008c8      0x268 ./Drivers/STM32H7xx_HAL_Driver/Src/stm32h7xx_hal_uart.o
 .debug_ranges  0x0000000000000b30       0x90 ./Drivers/STM32H7xx_HAL_Driver/Src/stm32h7xx_hal_uart_ex.o

.debug_macro    0x0000000000000000    0x360f7
 .debug_macro   0x0000000000000000      0x2bd ./Core/Src/main.o
 .debug_macro   0x00000000000002bd      0xac0 ./Core/Src/main.o
 .debug_macro   0x0000000000000d7d      0x238 ./Core/Src/main.o
 .debug_macro   0x0000000000000fb5       0x2e ./Core/Src/main.o
 .debug_macro   0x0000000000000fe3       0x3b ./Core/Src/main.o
 .debug_macro   0x000000000000101e       0x22 ./Core/Src/main.o
 .debug_macro   0x0000000000001040       0x8e ./Core/Src/main.o
 .debug_macro   0x00000000000010ce       0x51 ./Core/Src/main.o
 .debug_macro   0x000000000000111f      0x103 ./Core/Src/main.o
 .debug_macro   0x0000000000001222       0x6a ./Core/Src/main.o
 .debug_macro   0x000000000000128c      0x1df ./Core/Src/main.o
 .debug_macro   0x000000000000146b       0x1c ./Core/Src/main.o
 .debug_macro   0x0000000000001487       0x22 ./Core/Src/main.o
 .debug_macro   0x00000000000014a9      0x101 ./Core/Src/main.o
 .debug_macro   0x00000000000015aa     0x1305 ./Core/Src/main.o
 .debug_macro   0x00000000000028af      0x11f ./Core/Src/main.o
 .debug_macro   0x00000000000029ce       0x27 ./Core/Src/main.o
 .debug_macro   0x00000000000029f5    0x259c6 ./Core/Src/main.o
 .debug_macro   0x00000000000283bb       0x43 ./Core/Src/main.o
 .debug_macro   0x00000000000283fe     0x3cd3 ./Core/Src/main.o
 .debug_macro   0x000000000002c0d1      0x174 ./Core/Src/main.o
 .debug_macro   0x000000000002c245       0x52 ./Core/Src/main.o
 .debug_macro   0x000000000002c297       0x17 ./Core/Src/main.o
 .debug_macro   0x000000000002c2ae       0x3c ./Core/Src/main.o
 .debug_macro   0x000000000002c2ea       0x34 ./Core/Src/main.o
 .debug_macro   0x000000000002c31e       0x16 ./Core/Src/main.o
 .debug_macro   0x000000000002c334       0x43 ./Core/Src/main.o
 .debug_macro   0x000000000002c377       0x34 ./Core/Src/main.o
 .debug_macro   0x000000000002c3ab       0x10 ./Core/Src/main.o
 .debug_macro   0x000000000002c3bb       0x58 ./Core/Src/main.o
 .debug_macro   0x000000000002c413       0x71 ./Core/Src/main.o
 .debug_macro   0x000000000002c484       0x1c ./Core/Src/main.o
 .debug_macro   0x000000000002c4a0      0x12a ./Core/Src/main.o
 .debug_macro   0x000000000002c5ca      0x333 ./Core/Src/main.o
 .debug_macro   0x000000000002c8fd      0x1a9 ./Core/Src/main.o
 .debug_macro   0x000000000002caa6       0x5d ./Core/Src/main.o
 .debug_macro   0x000000000002cb03     0x240e ./Core/Src/main.o
 .debug_macro   0x000000000002ef11     0x1002 ./Core/Src/main.o
 .debug_macro   0x000000000002ff13      0x14d ./Core/Src/main.o
 .debug_macro   0x0000000000030060      0x117 ./Core/Src/main.o
 .debug_macro   0x0000000000030177      0x3b2 ./Core/Src/main.o
 .debug_macro   0x0000000000030529       0x27 ./Core/Src/main.o
 .debug_macro   0x0000000000030550      0x72d ./Core/Src/main.o
 .debug_macro   0x0000000000030c7d      0x229 ./Core/Src/main.o
 .debug_macro   0x0000000000030ea6       0x66 ./Core/Src/main.o
 .debug_macro   0x0000000000030f0c      0x3bb ./Core/Src/main.o
 .debug_macro   0x00000000000312c7      0x3e5 ./Core/Src/main.o
 .debug_macro   0x00000000000316ac      0x275 ./Core/Src/main.o
 .debug_macro   0x0000000000031921      0x3cb ./Core/Src/main.o
 .debug_macro   0x0000000000031cec      0x3de ./Core/Src/main.o
 .debug_macro   0x00000000000320ca       0x3c ./Core/Src/main.o
 .debug_macro   0x0000000000032106       0x4a ./Core/Src/main.o
 .debug_macro   0x0000000000032150      0x22c ./Core/Src/main.o
 .debug_macro   0x000000000003237c       0x67 ./Core/Src/main.o
 .debug_macro   0x00000000000323e3       0xa5 ./Core/Src/main.o
 .debug_macro   0x0000000000032488      0x1c5 ./Core/Src/main.o
 .debug_macro   0x000000000003264d      0x25f ./Core/Src/main.o
 .debug_macro   0x00000000000328ac       0x35 ./Core/Src/main.o
 .debug_macro   0x00000000000328e1      0x5dd ./Core/Src/main.o
 .debug_macro   0x0000000000032ebe       0x9e ./Core/Src/main.o
 .debug_macro   0x0000000000032f5c      0x67e ./Core/Src/main.o
 .debug_macro   0x00000000000335da       0xa6 ./Core/Src/main.o
 .debug_macro   0x0000000000033680      0x5a0 ./Core/Src/main.o
 .debug_macro   0x0000000000033c20       0x58 ./Core/Src/main.o
 .debug_macro   0x0000000000033c78      0x2bd ./Core/Src/stm32h7xx_hal_msp.o
 .debug_macro   0x0000000000033f35      0x2c7 ./Core/Src/stm32h7xx_it.o
 .debug_macro   0x00000000000341fc      0x2b4 ./Core/Src/system_stm32h7xx.o
 .debug_macro   0x00000000000344b0      0x2d8 ./Drivers/STM32H7xx_HAL_Driver/Src/stm32h7xx_hal.o
 .debug_macro   0x0000000000034788      0x2ae ./Drivers/STM32H7xx_HAL_Driver/Src/stm32h7xx_hal_cortex.o
 .debug_macro   0x0000000000034a36      0x302 ./Drivers/STM32H7xx_HAL_Driver/Src/stm32h7xx_hal_dma.o
 .debug_macro   0x0000000000034d38      0x2ea ./Drivers/STM32H7xx_HAL_Driver/Src/stm32h7xx_hal_gpio.o
 .debug_macro   0x0000000000035022      0x2e7 ./Drivers/STM32H7xx_HAL_Driver/Src/stm32h7xx_hal_pwr_ex.o
 .debug_macro   0x0000000000035309      0x2d2 ./Drivers/STM32H7xx_HAL_Driver/Src/stm32h7xx_hal_rcc.o
 .debug_macro   0x00000000000355db      0x2cc ./Drivers/STM32H7xx_HAL_Driver/Src/stm32h7xx_hal_rcc_ex.o
 .debug_macro   0x00000000000358a7      0x2bd ./Drivers/STM32H7xx_HAL_Driver/Src/stm32h7xx_hal_spi.o
 .debug_macro   0x0000000000035b64      0x2d9 ./Drivers/STM32H7xx_HAL_Driver/Src/stm32h7xx_hal_uart.o
 .debug_macro   0x0000000000035e3d      0x2ba ./Drivers/STM32H7xx_HAL_Driver/Src/stm32h7xx_hal_uart_ex.o

.debug_line     0x0000000000000000    0x10914
 .debug_line    0x0000000000000000      0xac7 ./Core/Src/main.o
 .debug_line    0x0000000000000ac7      0x92f ./Core/Src/stm32h7xx_hal_msp.o
 .debug_line    0x00000000000013f6      0x934 ./Core/Src/stm32h7xx_it.o
 .debug_line    0x0000000000001d2a      0xa10 ./Core/Src/system_stm32h7xx.o
 .debug_line    0x000000000000273a       0x88 ./Core/Startup/startup_stm32h750vbtx.o
 .debug_line    0x00000000000027c2      0xe07 ./Drivers/STM32H7xx_HAL_Driver/Src/stm32h7xx_hal.o
 .debug_line    0x00000000000035c9      0xe0d ./Drivers/STM32H7xx_HAL_Driver/Src/stm32h7xx_hal_cortex.o
 .debug_line    0x00000000000043d6     0x274b ./Drivers/STM32H7xx_HAL_Driver/Src/stm32h7xx_hal_dma.o
 .debug_line    0x0000000000006b21      0xcd2 ./Drivers/STM32H7xx_HAL_Driver/Src/stm32h7xx_hal_gpio.o
 .debug_line    0x00000000000077f3      0xf21 ./Drivers/STM32H7xx_HAL_Driver/Src/stm32h7xx_hal_pwr_ex.o
 .debug_line    0x0000000000008714     0x1353 ./Drivers/STM32H7xx_HAL_Driver/Src/stm32h7xx_hal_rcc.o
 .debug_line    0x0000000000009a67     0x1b20 ./Drivers/STM32H7xx_HAL_Driver/Src/stm32h7xx_hal_rcc_ex.o
 .debug_line    0x000000000000b587     0x2153 ./Drivers/STM32H7xx_HAL_Driver/Src/stm32h7xx_hal_spi.o
 .debug_line    0x000000000000d6da     0x2445 ./Drivers/STM32H7xx_HAL_Driver/Src/stm32h7xx_hal_uart.o
 .debug_line    0x000000000000fb1f      0xdf5 ./Drivers/STM32H7xx_HAL_Driver/Src/stm32h7xx_hal_uart_ex.o

.debug_str      0x0000000000000000   0x159e04
 .debug_str     0x0000000000000000   0x155b39 ./Core/Src/main.o
                                     0x15613d (size before relaxing)
 .debug_str     0x0000000000155b39      0x839 ./Core/Src/stm32h7xx_hal_msp.o
                                     0x1566c1 (size before relaxing)
 .debug_str     0x0000000000156372       0xd0 ./Core/Src/stm32h7xx_it.o
                                     0x15568f (size before relaxing)
 .debug_str     0x0000000000156442      0x332 ./Core/Src/system_stm32h7xx.o
                                     0x1554e0 (size before relaxing)
 .debug_str     0x0000000000156774       0x36 ./Core/Startup/startup_stm32h750vbtx.o
                                         0x61 (size before relaxing)
 .debug_str     0x00000000001567aa      0x757 ./Drivers/STM32H7xx_HAL_Driver/Src/stm32h7xx_hal.o
                                     0x156300 (size before relaxing)
 .debug_str     0x0000000000156f01      0x39f ./Drivers/STM32H7xx_HAL_Driver/Src/stm32h7xx_hal_cortex.o
                                     0x155e08 (size before relaxing)
 .debug_str     0x00000000001572a0      0x896 ./Drivers/STM32H7xx_HAL_Driver/Src/stm32h7xx_hal_dma.o
                                     0x155bd9 (size before relaxing)
 .debug_str     0x0000000000157b36      0x1ff ./Drivers/STM32H7xx_HAL_Driver/Src/stm32h7xx_hal_gpio.o
                                     0x15557c (size before relaxing)
 .debug_str     0x0000000000157d35      0x63e ./Drivers/STM32H7xx_HAL_Driver/Src/stm32h7xx_hal_pwr_ex.o
                                     0x15594a (size before relaxing)
 .debug_str     0x0000000000158373      0x26c ./Drivers/STM32H7xx_HAL_Driver/Src/stm32h7xx_hal_rcc.o
                                     0x15580b (size before relaxing)
 .debug_str     0x00000000001585df      0x665 ./Drivers/STM32H7xx_HAL_Driver/Src/stm32h7xx_hal_rcc_ex.o
                                     0x155cd1 (size before relaxing)
 .debug_str     0x0000000000158c44      0x548 ./Drivers/STM32H7xx_HAL_Driver/Src/stm32h7xx_hal_spi.o
                                     0x155afb (size before relaxing)
 .debug_str     0x000000000015918c      0x991 ./Drivers/STM32H7xx_HAL_Driver/Src/stm32h7xx_hal_uart.o
                                     0x156203 (size before relaxing)
 .debug_str     0x0000000000159b1d      0x2e7 ./Drivers/STM32H7xx_HAL_Driver/Src/stm32h7xx_hal_uart_ex.o
                                     0x15582b (size before relaxing)

.comment        0x0000000000000000       0x53
 .comment       0x0000000000000000       0x53 ./Core/Src/main.o
                                         0x54 (size before relaxing)
 .comment       0x0000000000000053       0x54 ./Core/Src/stm32h7xx_hal_msp.o
 .comment       0x0000000000000053       0x54 ./Core/Src/stm32h7xx_it.o
 .comment       0x0000000000000053       0x54 ./Core/Src/system_stm32h7xx.o
 .comment       0x0000000000000053       0x54 ./Drivers/STM32H7xx_HAL_Driver/Src/stm32h7xx_hal.o
 .comment       0x0000000000000053       0x54 ./Drivers/STM32H7xx_HAL_Driver/Src/stm32h7xx_hal_cortex.o
 .comment       0x0000000000000053       0x54 ./Drivers/STM32H7xx_HAL_Driver/Src/stm32h7xx_hal_dma.o
 .comment       0x0000000000000053       0x54 ./Drivers/STM32H7xx_HAL_Driver/Src/stm32h7xx_hal_gpio.o
 .comment       0x0000000000000053       0x54 ./Drivers/STM32H7xx_HAL_Driver/Src/stm32h7xx_hal_pwr_ex.o
 .comment       0x0000000000000053       0x54 ./Drivers/STM32H7xx_HAL_Driver/Src/stm32h7xx_hal_rcc.o
 .comment       0x0000000000000053       0x54 ./Drivers/STM32H7xx_HAL_Driver/Src/stm32h7xx_hal_rcc_ex.o
 .comment       0x0000000000000053       0x54 ./Drivers/STM32H7xx_HAL_Driver/Src/stm32h7xx_hal_spi.o
 .comment       0x0000000000000053       0x54 ./Drivers/STM32H7xx_HAL_Driver/Src/stm32h7xx_hal_uart.o
 .comment       0x0000000000000053       0x54 ./Drivers/STM32H7xx_HAL_Driver/Src/stm32h7xx_hal_uart_ex.o

.debug_frame    0x0000000000000000     0x3398
 .debug_frame   0x0000000000000000      0x164 ./Core/Src/main.o
 .debug_frame   0x0000000000000164       0xcc ./Core/Src/stm32h7xx_hal_msp.o
 .debug_frame   0x0000000000000230      0x120 ./Core/Src/stm32h7xx_it.o
 .debug_frame   0x0000000000000350       0x58 ./Core/Src/system_stm32h7xx.o
 .debug_frame   0x00000000000003a8      0x690 ./Drivers/STM32H7xx_HAL_Driver/Src/stm32h7xx_hal.o
 .debug_frame   0x0000000000000a38      0x4b8 ./Drivers/STM32H7xx_HAL_Driver/Src/stm32h7xx_hal_cortex.o
 .debug_frame   0x0000000000000ef0      0x2b4 ./Drivers/STM32H7xx_HAL_Driver/Src/stm32h7xx_hal_dma.o
 .debug_frame   0x00000000000011a4      0x14c ./Drivers/STM32H7xx_HAL_Driver/Src/stm32h7xx_hal_gpio.o
 .debug_frame   0x00000000000012f0      0x580 ./Drivers/STM32H7xx_HAL_Driver/Src/stm32h7xx_hal_pwr_ex.o
 .debug_frame   0x0000000000001870      0x1f8 ./Drivers/STM32H7xx_HAL_Driver/Src/stm32h7xx_hal_rcc.o
 .debug_frame   0x0000000000001a68      0x3f4 ./Drivers/STM32H7xx_HAL_Driver/Src/stm32h7xx_hal_rcc_ex.o
 .debug_frame   0x0000000000001e5c      0x778 ./Drivers/STM32H7xx_HAL_Driver/Src/stm32h7xx_hal_spi.o
 .debug_frame   0x00000000000025d4      0xa7c ./Drivers/STM32H7xx_HAL_Driver/Src/stm32h7xx_hal_uart.o
 .debug_frame   0x0000000000003050      0x29c ./Drivers/STM32H7xx_HAL_Driver/Src/stm32h7xx_hal_uart_ex.o
 .debug_frame   0x00000000000032ec       0x2c c:/st/stm32cubeide_1.6.1/stm32cubeide/plugins/com.st.stm32cube.ide.mcu.externaltools.gnu-tools-for-stm32.9-2020-q2-update.win32_2.0.0.202105311346/tools/bin/../lib/gcc/arm-none-eabi/9.3.1/../../../../arm-none-eabi/lib/thumb/v7e-m+dp/hard\libc_nano.a(lib_a-init.o)
 .debug_frame   0x0000000000003318       0x20 c:/st/stm32cubeide_1.6.1/stm32cubeide/plugins/com.st.stm32cube.ide.mcu.externaltools.gnu-tools-for-stm32.9-2020-q2-update.win32_2.0.0.202105311346/tools/bin/../lib/gcc/arm-none-eabi/9.3.1/../../../../arm-none-eabi/lib/thumb/v7e-m+dp/hard\libc_nano.a(lib_a-memset.o)
 .debug_frame   0x0000000000003338       0x2c c:/st/stm32cubeide_1.6.1/stm32cubeide/plugins/com.st.stm32cube.ide.mcu.externaltools.gnu-tools-for-stm32.9-2020-q2-update.win32_2.0.0.202105311346/tools/bin/../lib/gcc/arm-none-eabi/9.3.1/thumb/v7e-m+dp/hard\libgcc.a(_aeabi_uldivmod.o)
 .debug_frame   0x0000000000003364       0x34 c:/st/stm32cubeide_1.6.1/stm32cubeide/plugins/com.st.stm32cube.ide.mcu.externaltools.gnu-tools-for-stm32.9-2020-q2-update.win32_2.0.0.202105311346/tools/bin/../lib/gcc/arm-none-eabi/9.3.1/thumb/v7e-m+dp/hard\libgcc.a(_udivmoddi4.o)
